     1                                  section .data
     2                                  
     3                                  ;--------------------------------------------------
     4                                  section .rodata
     5                                  
     6                                  ;------------------------------------------------
     7                                  
     8                                  section .text
     9                                  
    10                                  global Mul378551
    11                                  
    12                                  Mul378551:
    13                                  	;mov rdi, format_str
    14                                  	;mov rsi, -191932321
    15                                  	;mov rdx, example_str
    16                                  
    17 00000000 415F                    	pop r15					; saving return address
    18                                  																					
    19 00000002 57                      	push rdi
    20                                  
    21 00000003 4889FB                      mov rbx, rdi
    22                                  
    23 00000006 4889F8                      mov rax, rdi
    24                                      ;mov cl, 18
    25 00000009 48C1E012                    shl rax, 18
    26 0000000D 4801C3                      add rbx, rax
    27                                  
    28 00000010 4889F8                      mov rax, rdi
    29                                      ;mov cl, 16
    30 00000013 48C1E010                    shl rax, 16
    31 00000017 4801C3                      add rbx, rax
    32                                  
    33 0000001A 4889F8                      mov rax, rdi
    34                                      ;mov cl, 15
    35 0000001D 48C1E00F                    shl rax, 15
    36 00000021 4801C3                      add rbx, rax
    37                                  
    38 00000024 4889F8                      mov rax, rdi
    39                                      ;mov cl, 14
    40 00000027 48C1E00E                    shl rax, 14
    41 0000002B 4801C3                      add rbx, rax
    42                                  
    43 0000002E 4889F8                      mov rax, rdi
    44                                      ;mov cl, 10
    45 00000031 48C1E00A                    shl rax, 10
    46 00000035 4801C3                      add rbx, rax
    47                                  
    48 00000038 4889F8                      mov rax, rdi
    49                                      ;mov cl, 9
    50 0000003B 48C1E009                    shl rax, 9
    51 0000003F 4801C3                      add rbx, rax
    52                                  
    53 00000042 4889F8                      mov rax, rdi
    54                                      ;mov cl, 7
    55 00000045 48C1E007                    shl rax, 7
    56 00000049 4801C3                      add rbx, rax
    57                                  
    58 0000004C 4889F8                      mov rax, rdi
    59                                      ;mov cl, 5
    60 0000004F 48C1E005                    shl rax, 5
    61 00000053 4801C3                      add rbx, rax
    62                                  
    63 00000056 4889F8                      mov rax, rdi
    64                                      ;mov cl, 4
    65 00000059 48C1E004                    shl rax, 4
    66 0000005D 4801C3                      add rbx, rax
    67                                  
    68 00000060 4889F8                      mov rax, rdi
    69                                      ;mov cl, 2
    70 00000063 48C1E002                    shl rax, 2
    71 00000067 4801C3                      add rbx, rax
    72                                  
    73                                  
    74 0000006A 4889F8                      mov rax, rdi
    75                                      ;mov cl, 1
    76 0000006D 48D1E0                      shl rax, 1
    77 00000070 4801C3                      add rbx, rax
    78                                  
    79 00000073 4889C3                      mov rbx, rax
    80                                  
    81 00000076 5F                      	pop rdi 				; balancing stack by deleting arg from it
    82                                  
    83 00000077 4157                    	push r15				; push ret address
    84                                  
    85 00000079 C3                      	ret
